Archive member included to satisfy reference by file (symbol)

/Applications/STM32CubeIDE.app/Contents/Eclipse/plugins/com.st.stm32cube.ide.mcu.externaltools.gnu-tools-for-stm32.13.3.rel1.macos64_1.0.0.202411102158/tools/bin/../lib/gcc/arm-none-eabi/13.3.1/../../../../arm-none-eabi/lib/thumb/v7e-m+dp/hard/libm.a(libm_a-sf_round.o)
                              ./Core/Src/control.o (roundf)
/Applications/STM32CubeIDE.app/Contents/Eclipse/plugins/com.st.stm32cube.ide.mcu.externaltools.gnu-tools-for-stm32.13.3.rel1.macos64_1.0.0.202411102158/tools/bin/../lib/gcc/arm-none-eabi/13.3.1/../../../../arm-none-eabi/lib/thumb/v7e-m+dp/hard/libc_nano.a(libc_a-exit.o)
                              /Applications/STM32CubeIDE.app/Contents/Eclipse/plugins/com.st.stm32cube.ide.mcu.externaltools.gnu-tools-for-stm32.13.3.rel1.macos64_1.0.0.202411102158/tools/bin/../lib/gcc/arm-none-eabi/13.3.1/../../../../arm-none-eabi/lib/thumb/v7e-m+dp/hard/crt0.o (exit)
/Applications/STM32CubeIDE.app/Contents/Eclipse/plugins/com.st.stm32cube.ide.mcu.externaltools.gnu-tools-for-stm32.13.3.rel1.macos64_1.0.0.202411102158/tools/bin/../lib/gcc/arm-none-eabi/13.3.1/../../../../arm-none-eabi/lib/thumb/v7e-m+dp/hard/libc_nano.a(libc_a-findfp.o)
                              /Applications/STM32CubeIDE.app/Contents/Eclipse/plugins/com.st.stm32cube.ide.mcu.externaltools.gnu-tools-for-stm32.13.3.rel1.macos64_1.0.0.202411102158/tools/bin/../lib/gcc/arm-none-eabi/13.3.1/../../../../arm-none-eabi/lib/thumb/v7e-m+dp/hard/libc_nano.a(libc_a-exit.o) (__stdio_exit_handler)
/Applications/STM32CubeIDE.app/Contents/Eclipse/plugins/com.st.stm32cube.ide.mcu.externaltools.gnu-tools-for-stm32.13.3.rel1.macos64_1.0.0.202411102158/tools/bin/../lib/gcc/arm-none-eabi/13.3.1/../../../../arm-none-eabi/lib/thumb/v7e-m+dp/hard/libc_nano.a(libc_a-fwalk.o)
                              /Applications/STM32CubeIDE.app/Contents/Eclipse/plugins/com.st.stm32cube.ide.mcu.externaltools.gnu-tools-for-stm32.13.3.rel1.macos64_1.0.0.202411102158/tools/bin/../lib/gcc/arm-none-eabi/13.3.1/../../../../arm-none-eabi/lib/thumb/v7e-m+dp/hard/libc_nano.a(libc_a-findfp.o) (_fwalk_sglue)
/Applications/STM32CubeIDE.app/Contents/Eclipse/plugins/com.st.stm32cube.ide.mcu.externaltools.gnu-tools-for-stm32.13.3.rel1.macos64_1.0.0.202411102158/tools/bin/../lib/gcc/arm-none-eabi/13.3.1/../../../../arm-none-eabi/lib/thumb/v7e-m+dp/hard/libc_nano.a(libc_a-memset.o)
                              /Applications/STM32CubeIDE.app/Contents/Eclipse/plugins/com.st.stm32cube.ide.mcu.externaltools.gnu-tools-for-stm32.13.3.rel1.macos64_1.0.0.202411102158/tools/bin/../lib/gcc/arm-none-eabi/13.3.1/../../../../arm-none-eabi/lib/thumb/v7e-m+dp/hard/crt0.o (memset)
/Applications/STM32CubeIDE.app/Contents/Eclipse/plugins/com.st.stm32cube.ide.mcu.externaltools.gnu-tools-for-stm32.13.3.rel1.macos64_1.0.0.202411102158/tools/bin/../lib/gcc/arm-none-eabi/13.3.1/../../../../arm-none-eabi/lib/thumb/v7e-m+dp/hard/libc_nano.a(libc_a-errno.o)
                              ./Core/Src/syscalls.o (__errno)
/Applications/STM32CubeIDE.app/Contents/Eclipse/plugins/com.st.stm32cube.ide.mcu.externaltools.gnu-tools-for-stm32.13.3.rel1.macos64_1.0.0.202411102158/tools/bin/../lib/gcc/arm-none-eabi/13.3.1/../../../../arm-none-eabi/lib/thumb/v7e-m+dp/hard/libc_nano.a(libc_a-init.o)
                              /Applications/STM32CubeIDE.app/Contents/Eclipse/plugins/com.st.stm32cube.ide.mcu.externaltools.gnu-tools-for-stm32.13.3.rel1.macos64_1.0.0.202411102158/tools/bin/../lib/gcc/arm-none-eabi/13.3.1/../../../../arm-none-eabi/lib/thumb/v7e-m+dp/hard/crt0.o (__libc_init_array)
/Applications/STM32CubeIDE.app/Contents/Eclipse/plugins/com.st.stm32cube.ide.mcu.externaltools.gnu-tools-for-stm32.13.3.rel1.macos64_1.0.0.202411102158/tools/bin/../lib/gcc/arm-none-eabi/13.3.1/../../../../arm-none-eabi/lib/thumb/v7e-m+dp/hard/libc_nano.a(libc_a-lock.o)
                              /Applications/STM32CubeIDE.app/Contents/Eclipse/plugins/com.st.stm32cube.ide.mcu.externaltools.gnu-tools-for-stm32.13.3.rel1.macos64_1.0.0.202411102158/tools/bin/../lib/gcc/arm-none-eabi/13.3.1/../../../../arm-none-eabi/lib/thumb/v7e-m+dp/hard/libc_nano.a(libc_a-findfp.o) (__retarget_lock_init_recursive)
/Applications/STM32CubeIDE.app/Contents/Eclipse/plugins/com.st.stm32cube.ide.mcu.externaltools.gnu-tools-for-stm32.13.3.rel1.macos64_1.0.0.202411102158/tools/bin/../lib/gcc/arm-none-eabi/13.3.1/../../../../arm-none-eabi/lib/thumb/v7e-m+dp/hard/libc_nano.a(libc_a-impure.o)
                              /Applications/STM32CubeIDE.app/Contents/Eclipse/plugins/com.st.stm32cube.ide.mcu.externaltools.gnu-tools-for-stm32.13.3.rel1.macos64_1.0.0.202411102158/tools/bin/../lib/gcc/arm-none-eabi/13.3.1/../../../../arm-none-eabi/lib/thumb/v7e-m+dp/hard/libc_nano.a(libc_a-errno.o) (_impure_ptr)
[...]
Memory Configuration

Name             Origin             Length             Attributes
ITCMRAM          0x00000000         0x00010000         xrw
DTCMRAM          0x20000000         0x00020000         xrw
FLASH            0x08000000         0x00100000         xr
RAM_D1           0x24000000         0x00050000         xrw
RAM_D2           0x30000000         0x00008000         xrw
RAM_D3           0x38000000         0x00004000         xrw
*default*        0x00000000         0xffffffff

Linker script and memory map

LOAD /Applications/STM32CubeIDE.app/Contents/Eclipse/plugins/com.st.stm32cube.ide.mcu.externaltools.gnu-tools-for-stm32.13.3.rel1.macos64_1.0.0.202411102158/tools/bin/../lib/gcc/arm-none-eabi/13.3.1/thumb/v7e-m+dp/hard/crti.o
LOAD /Applications/STM32CubeIDE.app/Contents/Eclipse/plugins/com.st.stm32cube.ide.mcu.externaltools.gnu-tools-for-stm32.13.3.rel1.macos64_1.0.0.202411102158/tools/bin/../lib/gcc/arm-none-eabi/13.3.1/thumb/v7e-m+dp/hard/crtbegin.o
LOAD /Applications/STM32CubeIDE.app/Contents/Eclipse/plugins/com.st.stm32cube.ide.mcu.externaltools.gnu-tools-for-stm32.13.3.rel1.macos64_1.0.0.202411102158/tools/bin/../lib/gcc/arm-none-eabi/13.3.1/../../../../arm-none-eabi/lib/thumb/v7e-m+dp/hard/crt0.o
LOAD ./Core/Src/control.o
LOAD ./Core/Src/main.o
LOAD ./Core/Src/stm32h7xx_hal_msp.o
LOAD ./Core/Src/stm32h7xx_it.o
LOAD ./Core/Src/syscalls.o
LOAD ./Core/Src/sysmem.o
LOAD ./Core/Src/system_stm32h7xx.o
LOAD ./Core/Startup/startup_stm32h723zgtx.o
LOAD ./Drivers/STM32H7xx_HAL_Driver/Src/stm32h7xx_hal.o
LOAD ./Drivers/STM32H7xx_HAL_Driver/Src/stm32h7xx_hal_cortex.o
LOAD ./Drivers/STM32H7xx_HAL_Driver/Src/stm32h7xx_hal_dma.o
LOAD ./Drivers/STM32H7xx_HAL_Driver/Src/stm32h7xx_hal_dma_ex.o
LOAD ./Drivers/STM32H7xx_HAL_Driver/Src/stm32h7xx_hal_exti.o
LOAD ./Drivers/STM32H7xx_HAL_Driver/Src/stm32h7xx_hal_fdcan.o
LOAD ./Drivers/STM32H7xx_HAL_Driver/Src/stm32h7xx_hal_flash.o
LOAD ./Drivers/STM32H7xx_HAL_Driver/Src/stm32h7xx_hal_flash_ex.o
LOAD ./Drivers/STM32H7xx_HAL_Driver/Src/stm32h7xx_hal_gpio.o
LOAD ./Drivers/STM32H7xx_HAL_Driver/Src/stm32h7xx_hal_hsem.o
LOAD ./Drivers/STM32H7xx_HAL_Driver/Src/stm32h7xx_hal_i2c.o
LOAD ./Drivers/STM32H7xx_HAL_Driver/Src/stm32h7xx_hal_i2c_ex.o
LOAD ./Drivers/STM32H7xx_HAL_Driver/Src/stm32h7xx_hal_mdma.o
LOAD ./Drivers/STM32H7xx_HAL_Driver/Src/stm32h7xx_hal_pwr.o
LOAD ./Drivers/STM32H7xx_HAL_Driver/Src/stm32h7xx_hal_pwr_ex.o
LOAD ./Drivers/STM32H7xx_HAL_Driver/Src/stm32h7xx_hal_rcc.o
LOAD ./Drivers/STM32H7xx_HAL_Driver/Src/stm32h7xx_hal_rcc_ex.o
LOAD ./Drivers/STM32H7xx_HAL_Driver/Src/stm32h7xx_hal_tim.o
LOAD ./Drivers/STM32H7xx_HAL_Driver/Src/stm32h7xx_hal_tim_ex.o
START GROUP
LOAD /Applications/STM32CubeIDE.app/Contents/Eclipse/plugins/com.st.stm32cube.ide.mcu.externaltools.gnu-tools-for-stm32.13.3.rel1.macos64_1.0.0.202411102158/tools/bin/../lib/gcc/arm-none-eabi/13.3.1/../../../../arm-none-eabi/lib/thumb/v7e-m+dp/hard/libstdc++_nano.a
LOAD /Applications/STM32CubeIDE.app/Contents/Eclipse/plugins/com.st.stm32cube.ide.mcu.externaltools.gnu-tools-for-stm32.13.3.rel1.macos64_1.0.0.202411102158/tools/bin/../lib/gcc/arm-none-eabi/13.3.1/../../../../arm-none-eabi/lib/thumb/v7e-m+dp/hard/libsupc++_nano.a
END GROUP
LOAD /Applications/STM32CubeIDE.app/Contents/Eclipse/plugins/com.st.stm32cube.ide.mcu.externaltools.gnu-tools-for-stm32.13.3.rel1.macos64_1.0.0.202411102158/tools/bin/../lib/gcc/arm-none-eabi/13.3.1/../../../../arm-none-eabi/lib/thumb/v7e-m+dp/hard/libstdc++_nano.a
LOAD /Applications/STM32CubeIDE.app/Contents/Eclipse/plugins/com.st.stm32cube.ide.mcu.externaltools.gnu-tools-for-stm32.13.3.rel1.macos64_1.0.0.202411102158/tools/bin/../lib/gcc/arm-none-eabi/13.3.1/../../../../arm-none-eabi/lib/thumb/v7e-m+dp/hard/libm.a
LOAD /Applications/STM32CubeIDE.app/Contents/Eclipse/plugins/com.st.stm32cube.ide.mcu.externaltools.gnu-tools-for-stm32.13.3.rel1.macos64_1.0.0.202411102158/tools/bin/../lib/gcc/arm-none-eabi/13.3.1/../../../../arm-none-eabi/lib/thumb/v7e-m+dp/hard/libc_nano.a
START GROUP
LOAD /Applications/STM32CubeIDE.app/Contents/Eclipse/plugins/com.st.stm32cube.ide.mcu.externaltools.gnu-tools-for-stm32.13.3.rel1.macos64_1.0.0.202411102158/tools/bin/../lib/gcc/arm-none-eabi/13.3.1/thumb/v7e-m+dp/hard/libgcc.a
LOAD /Applications/STM32CubeIDE.app/Contents/Eclipse/plugins/com.st.stm32cube.ide.mcu.externaltools.gnu-tools-for-stm32.13.3.rel1.macos64_1.0.0.202411102158/tools/bin/../lib/gcc/arm-none-eabi/13.3.1/../../../../arm-none-eabi/lib/thumb/v7e-m+dp/hard/libc_nano.a
END GROUP
START GROUP
LOAD /Applications/STM32CubeIDE.app/Contents/Eclipse/plugins/com.st.stm32cube.ide.mcu.externaltools.gnu-tools-for-stm32.13.3.rel1.macos64_1.0.0.202411102158/tools/bin/../lib/gcc/arm-none-eabi/13.3.1/thumb/v7e-m+dp/hard/libgcc.a
LOAD /Applications/STM32CubeIDE.app/Contents/Eclipse/plugins/com.st.stm32cube.ide.mcu.externaltools.gnu-tools-for-stm32.13.3.rel1.macos64_1.0.0.202411102158/tools/bin/../lib/gcc/arm-none-eabi/13.3.1/../../../../arm-none-eabi/lib/thumb/v7e-m+dp/hard/libc_nano.a
LOAD /Applications/STM32CubeIDE.app/Contents/Eclipse/plugins/com.st.stm32cube.ide.mcu.externaltools.gnu-tools-for-stm32.13.3.rel1.macos64_1.0.0.202411102158/tools/bin/../lib/gcc/arm-none-eabi/13.3.1/../../../../arm-none-eabi/lib/thumb/v7e-m+dp/hard/libnosys.a
END GROUP
START GROUP
LOAD /Applications/STM32CubeIDE.app/Contents/Eclipse/plugins/com.st.stm32cube.ide.mcu.externaltools.gnu-tools-for-stm32.13.3.rel1.macos64_1.0.0.202411102158/tools/bin/../lib/gcc/arm-none-eabi/13.3.1/thumb/v7e-m+dp/hard/libgcc.a
LOAD /Applications/STM32CubeIDE.app/Contents/Eclipse/plugins/com.st.stm32cube.ide.mcu.externaltools.gnu-tools-for-stm32.13.3.rel1.macos64_1.0.0.202411102158/tools/bin/../lib/gcc/arm-none-eabi/13.3.1/../../../../arm-none-eabi/lib/thumb/v7e-m+dp/hard/libc_nano.a
LOAD /Applications/STM32CubeIDE.app/Contents/Eclipse/plugins/com.st.stm32cube.ide.mcu.externaltools.gnu-tools-for-stm32.13.3.rel1.macos64_1.0.0.202411102158/tools/bin/../lib/gcc/arm-none-eabi/13.3.1/../../../../arm-none-eabi/lib/thumb/v7e-m+dp/hard/libnosys.a
END GROUP
LOAD /Applications/STM32CubeIDE.app/Contents/Eclipse/plugins/com.st.stm32cube.ide.mcu.externaltools.gnu-tools-for-stm32.13.3.rel1.macos64_1.0.0.202411102158/tools/bin/../lib/gcc/arm-none-eabi/13.3.1/thumb/v7e-m+dp/hard/crtend.o
LOAD /Applications/STM32CubeIDE.app/Contents/Eclipse/plugins/com.st.stm32cube.ide.mcu.externaltools.gnu-tools-for-stm32.13.3.rel1.macos64_1.0.0.202411102158/tools/bin/../lib/gcc/arm-none-eabi/13.3.1/thumb/v7e-m+dp/hard/crtn.o
                0x24050000                        _estack = (ORIGIN (RAM_D1) + LENGTH (RAM_D1))
                0x00000200                        _Min_Heap_Size = 0x200
                0x00000400                        _Min_Stack_Size = 0x400

.isr_vector     0x08000000      0x2cc
                0x08000000                        . = ALIGN (0x4)
 *(.isr_vector)
 .isr_vector    0x08000000      0x2cc ./Core/Startup/startup_stm32h723zgtx.o
                0x08000000                g_pfnVectors
                0x080002cc                        . = ALIGN (0x4)

.text           0x080002d0     0x2a04
                0x080002d0                        . = ALIGN (0x4)
 *(.text)
 .text          0x080002d0       0x40 /Applications/STM32CubeIDE.app/Contents/Eclipse/plugins/com.st.stm32cube.ide.mcu.externaltools.gnu-tools-for-stm32.13.3.rel1.macos64_1.0.0.202411102158/tools/bin/../lib/gcc/arm-none-eabi/13.3.1/thumb/v7e-m+dp/hard/crtbegin.o
 *(.text*)
 .text.V_to_X   0x08000310       0x40 ./Core/Src/control.o
 .text.HW_Read_IMU_Raw
                0x08000350       0x42 ./Core/Src/control.o
 .text.HW_Read_Potentiometer_Raw
                0x08000392       0x12 ./Core/Src/control.o
 .text.HW_Read_Strain_Gauge_Raw
                0x080003a4       0x12 ./Core/Src/control.o
 .text.HW_Set_Actuator_Current_mA
                0x080003b6       0x16 ./Core/Src/control.o
 .text.CAN_Transmit_Message
                0x080003cc       0x30 ./Core/Src/control.o
                0x080003cc                CAN_Transmit_Message
 .text.ESUS_Sense
                0x080003fc      0x168 ./Core/Src/control.o
                0x080003fc                ESUS_Sense
 .text.ESUS_Control
                0x08000564       0x94 ./Core/Src/control.o
                0x08000564                ESUS_Control
 .text.ESUS_Publish
                0x080005f8       0xd4 ./Core/Src/control.o
                0x080005f8                ESUS_Publish
 *fill*         0x080006cc        0x4 
 .text.main     0x080006d0      0x114 ./Core/Src/main.o
                0x080006d0                main
 .text.SystemClock_Config
                0x080007e4       0xbc ./Core/Src/main.o
                0x080007e4                SystemClock_Config
 .text.MPU_Config
                0x080008a0       0x58 ./Core/Src/main.o
 .text.MX_FDCAN1_Init
                0x080008f8       0x5c ./Core/Src/main.o
 .text.MX_GPIO_Init
                0x08000954       0xac ./Core/Src/main.o
 .text.Error_Handler
                0x08000a00        0xc ./Core/Src/main.o
                0x08000a00                Error_Handler
 .text.HAL_MspInit
                0x08000a0c       0x34 ./Core/Src/stm32h7xx_hal_msp.o
                0x08000a0c                HAL_MspInit
 .text.NMI_Handler
                0x08000a40        0x8 ./Core/Src/stm32h7xx_it.o
                0x08000a40                NMI_Handler
 .text.HardFault_Handler
                0x08000a48        0x8 ./Core/Src/stm32h7xx_it.o
                0x08000a48                HardFault_Handler
 .text.MemManage_Handler
                0x08000a50        0x8 ./Core/Src/stm32h7xx_it.o
                0x08000a50                MemManage_Handler
 .text.BusFault_Handler
                0x08000a58        0x8 ./Core/Src/stm32h7xx_it.o
                0x08000a58                BusFault_Handler
 .text.UsageFault_Handler
                0x08000a60        0x8 ./Core/Src/stm32h7xx_it.o
                0x08000a60                UsageFault_Handler
 .text.SVC_Handler
                0x08000a68        0xe ./Core/Src/stm32h7xx_it.o
                0x08000a68                SVC_Handler
 .text.DebugMon_Handler
                0x08000a76        0xe ./Core/Src/stm32h7xx_it.o
                0x08000a76                DebugMon_Handler
 .text.PendSV_Handler
                0x08000a84        0xe ./Core/Src/stm32h7xx_it.o
                0x08000a84                PendSV_Handler
 .text.SysTick_Handler
                0x08000a92        0xc ./Core/Src/stm32h7xx_it.o
                0x08000a92                SysTick_Handler
 *fill*         0x08000a9e        0x2 
 .text.SystemInit
                0x08000aa0      0x120 ./Core/Src/system_stm32h7xx.o
                0x08000aa0                SystemInit
 .text.ExitRun0Mode
                0x08000bc0       0x30 ./Core/Src/system_stm32h7xx.o
                0x08000bc0                ExitRun0Mode
 .text.Reset_Handler
                0x08000bf0       0x54 ./Core/Startup/startup_stm32h723zgtx.o
                0x08000bf0                Reset_Handler
 .text.Default_Handler
                0x08000c44        0x2 ./Core/Startup/startup_stm32h723zgtx.o
                0x08000c44                DMA1_Stream3_IRQHandler
                0x08000c44                EXTI2_IRQHandler
                0x08000c44                TIM8_CC_IRQHandler
                0x08000c44                UART8_IRQHandler
                0x08000c44                SPI4_IRQHandler
                0x08000c44                FDCAN3_IT0_IRQHandler
                0x08000c44                TIM1_CC_IRQHandler
                0x08000c44                BDMA_Channel6_IRQHandler
                0x08000c44                DMA2_Stream5_IRQHandler
                0x08000c44                DMA1_Stream5_IRQHandler
                0x08000c44                CORDIC_IRQHandler
                0x08000c44                BDMA_Channel1_IRQHandler
                0x08000c44                TAMP_STAMP_IRQHandler
                0x08000c44                EXTI3_IRQHandler
                0x08000c44                LPTIM4_IRQHandler
                0x08000c44                TIM8_TRG_COM_TIM14_IRQHandler
                0x08000c44                LPTIM2_IRQHandler
                0x08000c44                DFSDM1_FLT1_IRQHandler
                0x08000c44                DMAMUX2_OVR_IRQHandler
                0x08000c44                TIM8_UP_TIM13_IRQHandler
                0x08000c44                I2C3_ER_IRQHandler
                0x08000c44                DFSDM1_FLT2_IRQHandler
                0x08000c44                I2C5_EV_IRQHandler
                0x08000c44                USART10_IRQHandler
                0x08000c44                MDMA_IRQHandler
                0x08000c44                LPTIM3_IRQHandler
                0x08000c44                HSEM1_IRQHandler
                0x08000c44                EXTI0_IRQHandler
                0x08000c44                I2C2_EV_IRQHandler
                0x08000c44                DMA1_Stream2_IRQHandler
                0x08000c44                FPU_IRQHandler
                0x08000c44                OTG_HS_WKUP_IRQHandler
                0x08000c44                FDCAN1_IT1_IRQHandler
                0x08000c44                LTDC_ER_IRQHandler
                0x08000c44                DMA2_Stream2_IRQHandler
                0x08000c44                SPI1_IRQHandler
                0x08000c44                OCTOSPI1_IRQHandler
                0x08000c44                TIM6_DAC_IRQHandler
                0x08000c44                DMA2_Stream3_IRQHandler
                0x08000c44                OCTOSPI2_IRQHandler
                0x08000c44                DFSDM1_FLT3_IRQHandler
                0x08000c44                TIM23_IRQHandler
                0x08000c44                USART6_IRQHandler
                0x08000c44                TIM17_IRQHandler
                0x08000c44                USART3_IRQHandler
                0x08000c44                BDMA_Channel7_IRQHandler
                0x08000c44                LPTIM5_IRQHandler
                0x08000c44                UART5_IRQHandler
                0x08000c44                ADC3_IRQHandler
                0x08000c44                DMA2_Stream0_IRQHandler
                0x08000c44                TIM4_IRQHandler
                0x08000c44                BDMA_Channel2_IRQHandler
                0x08000c44                I2C1_EV_IRQHandler
                0x08000c44                DMA1_Stream6_IRQHandler
                0x08000c44                DMAMUX1_OVR_IRQHandler
                0x08000c44                DMA1_Stream1_IRQHandler
                0x08000c44                TIM16_IRQHandler
                0x08000c44                UART4_IRQHandler
                0x08000c44                BDMA_Channel5_IRQHandler
                0x08000c44                TIM3_IRQHandler
                0x08000c44                RCC_IRQHandler
                0x08000c44                UART9_IRQHandler
                0x08000c44                TIM8_BRK_TIM12_IRQHandler
                0x08000c44                TIM1_TRG_COM_IRQHandler
                0x08000c44                Default_Handler
                0x08000c44                ECC_IRQHandler
                0x08000c44                FMAC_IRQHandler
                0x08000c44                CEC_IRQHandler
                0x08000c44                EXTI15_10_IRQHandler
                0x08000c44                BDMA_Channel0_IRQHandler
                0x08000c44                ADC_IRQHandler
                0x08000c44                I2C5_ER_IRQHandler
                0x08000c44                DMA1_Stream7_IRQHandler
                0x08000c44                SPI5_IRQHandler
                0x08000c44                TIM7_IRQHandler
                0x08000c44                FDCAN3_IT1_IRQHandler
                0x08000c44                SDMMC1_IRQHandler
                0x08000c44                TIM5_IRQHandler
                0x08000c44                DMA2_Stream7_IRQHandler
                0x08000c44                TIM15_IRQHandler
                0x08000c44                PVD_AVD_IRQHandler
                0x08000c44                I2C3_EV_IRQHandler
                0x08000c44                EXTI9_5_IRQHandler
                0x08000c44                RTC_WKUP_IRQHandler
                0x08000c44                LTDC_IRQHandler
                0x08000c44                ETH_WKUP_IRQHandler
                0x08000c44                SPDIF_RX_IRQHandler
                0x08000c44                SPI2_IRQHandler
                0x08000c44                OTG_HS_EP1_IN_IRQHandler
                0x08000c44                DMA1_Stream0_IRQHandler
                0x08000c44                TIM24_IRQHandler
                0x08000c44                CRS_IRQHandler
                0x08000c44                EXTI4_IRQHandler
                0x08000c44                RNG_IRQHandler
                0x08000c44                FDCAN2_IT1_IRQHandler
                0x08000c44                ETH_IRQHandler
                0x08000c44                TIM1_UP_IRQHandler
                0x08000c44                BDMA_Channel4_IRQHandler
                0x08000c44                OTG_HS_EP1_OUT_IRQHandler
                0x08000c44                WWDG_IRQHandler
                0x08000c44                SPI6_IRQHandler
                0x08000c44                MDIOS_IRQHandler
                0x08000c44                I2C4_EV_IRQHandler
                0x08000c44                FDCAN2_IT0_IRQHandler
                0x08000c44                LPUART1_IRQHandler
                0x08000c44                FDCAN1_IT0_IRQHandler
                0x08000c44                TIM2_IRQHandler
                0x08000c44                OTG_HS_IRQHandler
                0x08000c44                DMA2D_IRQHandler
                0x08000c44                TIM1_BRK_IRQHandler
                0x08000c44                EXTI1_IRQHandler
                0x08000c44                SDMMC2_IRQHandler
                0x08000c44                BDMA_Channel3_IRQHandler
                0x08000c44                DTS_IRQHandler
                0x08000c44                UART7_IRQHandler
                0x08000c44                MDIOS_WKUP_IRQHandler
                0x08000c44                USART2_IRQHandler
                0x08000c44                DFSDM1_FLT0_IRQHandler
                0x08000c44                SAI4_IRQHandler
                0x08000c44                I2C2_ER_IRQHandler
                0x08000c44                DMA2_Stream1_IRQHandler
                0x08000c44                FLASH_IRQHandler
                0x08000c44                DMA2_Stream4_IRQHandler
                0x08000c44                USART1_IRQHandler
                0x08000c44                SPI3_IRQHandler
                0x08000c44                WAKEUP_PIN_IRQHandler
                0x08000c44                DMA1_Stream4_IRQHandler
                0x08000c44                I2C1_ER_IRQHandler
                0x08000c44                FMC_IRQHandler
                0x08000c44                FDCAN_CAL_IRQHandler
                0x08000c44                SWPMI1_IRQHandler
                0x08000c44                COMP1_IRQHandler
                0x08000c44                LPTIM1_IRQHandler
                0x08000c44                DCMI_PSSI_IRQHandler
                0x08000c44                I2C4_ER_IRQHandler
                0x08000c44                DMA2_Stream6_IRQHandler
                0x08000c44                SAI1_IRQHandler
                0x08000c44                RTC_Alarm_IRQHandler
 *fill*         0x08000c46        0x2 
 .text.HAL_Init
                0x08000c48       0x78 ./Drivers/STM32H7xx_HAL_Driver/Src/stm32h7xx_hal.o
                0x08000c48                HAL_Init
 .text.HAL_InitTick
                0x08000cc0       0x6c ./Drivers/STM32H7xx_HAL_Driver/Src/stm32h7xx_hal.o
                0x08000cc0                HAL_InitTick
 .text.HAL_IncTick
                0x08000d2c       0x28 ./Drivers/STM32H7xx_HAL_Driver/Src/stm32h7xx_hal.o
                0x08000d2c                HAL_IncTick
 .text.HAL_GetTick
                0x08000d54       0x18 ./Drivers/STM32H7xx_HAL_Driver/Src/stm32h7xx_hal.o
                0x08000d54                HAL_GetTick
 .text.__NVIC_SetPriorityGrouping
                0x08000d6c       0x48 ./Drivers/STM32H7xx_HAL_Driver/Src/stm32h7xx_hal_cortex.o
 .text.__NVIC_GetPriorityGrouping
                0x08000db4       0x1c ./Drivers/STM32H7xx_HAL_Driver/Src/stm32h7xx_hal_cortex.o
 .text.__NVIC_SetPriority
                0x08000dd0       0x54 ./Drivers/STM32H7xx_HAL_Driver/Src/stm32h7xx_hal_cortex.o
 .text.NVIC_EncodePriority
                0x08000e24       0x66 ./Drivers/STM32H7xx_HAL_Driver/Src/stm32h7xx_hal_cortex.o
 *fill*         0x08000e8a        0x2 
 .text.SysTick_Config
                0x08000e8c       0x44 ./Drivers/STM32H7xx_HAL_Driver/Src/stm32h7xx_hal_cortex.o
 .text.HAL_NVIC_SetPriorityGrouping
                0x08000ed0       0x16 ./Drivers/STM32H7xx_HAL_Driver/Src/stm32h7xx_hal_cortex.o
                0x08000ed0                HAL_NVIC_SetPriorityGrouping
 .text.HAL_NVIC_SetPriority
                0x08000ee6       0x34 ./Drivers/STM32H7xx_HAL_Driver/Src/stm32h7xx_hal_cortex.o
                0x08000ee6                HAL_NVIC_SetPriority
 .text.HAL_SYSTICK_Config
                0x08000f1a       0x18 ./Drivers/STM32H7xx_HAL_Driver/Src/stm32h7xx_hal_cortex.o
                0x08000f1a                HAL_SYSTICK_Config
 *fill*         0x08000f32        0x2 
 .text.HAL_MPU_Disable
                0x08000f34       0x30 ./Drivers/STM32H7xx_HAL_Driver/Src/stm32h7xx_hal_cortex.o
                0x08000f34                HAL_MPU_Disable
 .text.HAL_MPU_Enable
                0x08000f64       0x40 ./Drivers/STM32H7xx_HAL_Driver/Src/stm32h7xx_hal_cortex.o
                0x08000f64                HAL_MPU_Enable
 .text.HAL_MPU_ConfigRegion
                0x08000fa4       0x80 ./Drivers/STM32H7xx_HAL_Driver/Src/stm32h7xx_hal_cortex.o
                0x08000fa4                HAL_MPU_ConfigRegion
 .text.HAL_FDCAN_Init
                0x08001024      0x3bc ./Drivers/STM32H7xx_HAL_Driver/Src/stm32h7xx_hal_fdcan.o
                0x08001024                HAL_FDCAN_Init
 .text.HAL_FDCAN_MspInit
                0x080013e0       0x14 ./Drivers/STM32H7xx_HAL_Driver/Src/stm32h7xx_hal_fdcan.o
                0x080013e0                HAL_FDCAN_MspInit
 .text.HAL_FDCAN_ConfigFilter
                0x080013f4       0xec ./Drivers/STM32H7xx_HAL_Driver/Src/stm32h7xx_hal_fdcan.o
                0x080013f4                HAL_FDCAN_ConfigFilter
 .text.HAL_FDCAN_Start
                0x080014e0       0x56 ./Drivers/STM32H7xx_HAL_Driver/Src/stm32h7xx_hal_fdcan.o
                0x080014e0                HAL_FDCAN_Start
 .text.HAL_FDCAN_AddMessageToTxFifoQ
                0x08001536       0xb6 ./Drivers/STM32H7xx_HAL_Driver/Src/stm32h7xx_hal_fdcan.o
                0x08001536                HAL_FDCAN_AddMessageToTxFifoQ
 .text.FDCAN_CalculateRamBlockAddresses
                0x080015ec      0x30c ./Drivers/STM32H7xx_HAL_Driver/Src/stm32h7xx_hal_fdcan.o
 .text.FDCAN_CopyMessageToRAM
                0x080018f8       0xfc ./Drivers/STM32H7xx_HAL_Driver/Src/stm32h7xx_hal_fdcan.o
 .text.HAL_GPIO_Init
                0x080019f4      0x350 ./Drivers/STM32H7xx_HAL_Driver/Src/stm32h7xx_hal_gpio.o
                0x080019f4                HAL_GPIO_Init
 .text.HAL_GPIO_WritePin
                0x08001d44       0x32 ./Drivers/STM32H7xx_HAL_Driver/Src/stm32h7xx_hal_gpio.o
                0x08001d44                HAL_GPIO_WritePin
 *fill*         0x08001d76        0x2 
 .text.HAL_PWREx_ConfigSupply
                0x08001d78       0x74 ./Drivers/STM32H7xx_HAL_Driver/Src/stm32h7xx_hal_pwr_ex.o
                0x08001d78                HAL_PWREx_ConfigSupply
 .text.HAL_RCC_OscConfig
                0x08001dec      0x7b4 ./Drivers/STM32H7xx_HAL_Driver/Src/stm32h7xx_hal_rcc.o
                0x08001dec                HAL_RCC_OscConfig
 .text.HAL_RCC_ClockConfig
                0x080025a0      0x36c ./Drivers/STM32H7xx_HAL_Driver/Src/stm32h7xx_hal_rcc.o
                0x080025a0                HAL_RCC_ClockConfig
 .text.HAL_RCC_GetSysClockFreq
                0x0800290c      0x2f4 ./Drivers/STM32H7xx_HAL_Driver/Src/stm32h7xx_hal_rcc.o
                0x0800290c                HAL_RCC_GetSysClockFreq
 .text.roundf   0x08002c00       0x48 /Applications/STM32CubeIDE.app/Contents/Eclipse/plugins/com.st.stm32cube.ide.mcu.externaltools.gnu-tools-for-stm32.13.3.rel1.macos64_1.0.0.202411102158/tools/bin/../lib/gcc/arm-none-eabi/13.3.1/../../../../arm-none-eabi/lib/thumb/v7e-m+dp/hard/libm.a(libm_a-sf_round.o)
                0x08002c00                roundf
 .text.memset   0x08002c48       0x10 /Applications/STM32CubeIDE.app/Contents/Eclipse/plugins/com.st.stm32cube.ide.mcu.externaltools.gnu-tools-for-stm32.13.3.rel1.macos64_1.0.0.202411102158/tools/bin/../lib/gcc/arm-none-eabi/13.3.1/../../../../arm-none-eabi/lib/thumb/v7e-m+dp/hard/libc_nano.a(libc_a-memset.o)
                0x08002c48                memset
 .text.__libc_init_array
                0x08002c58       0x48 /Applications/STM32CubeIDE.app/Contents/Eclipse/plugins/com.st.stm32cube.ide.mcu.externaltools.gnu-tools-for-stm32.13.3.rel1.macos64_1.0.0.202411102158/tools/bin/../lib/gcc/arm-none-eabi/13.3.1/../../../../arm-none-eabi/lib/thumb/v7e-m+dp/hard/libc_nano.a(libc_a-init.o)
                0x08002c58                __libc_init_array
 .text.memcpy   0x08002ca0       0x1c /Applications/STM32CubeIDE.app/Contents/Eclipse/plugins/com.st.stm32cube.ide.mcu.externaltools.gnu-tools-for-stm32.13.3.rel1.macos64_1.0.0.202411102158/tools/bin/../lib/gcc/arm-none-eabi/13.3.1/../../../../arm-none-eabi/lib/thumb/v7e-m+dp/hard/libc_nano.a(libc_a-memcpy-stub.o)
                0x08002ca0                memcpy
 *(.glue_7)
 .glue_7        0x08002cbc        0x0 linker stubs
 *(.glue_7t)
 .glue_7t       0x08002cbc        0x0 linker stubs
 *(.eh_frame)
 .eh_frame      0x08002cbc        0x0 /Applications/STM32CubeIDE.app/Contents/Eclipse/plugins/com.st.stm32cube.ide.mcu.externaltools.gnu-tools-for-stm32.13.3.rel1.macos64_1.0.0.202411102158/tools/bin/../lib/gcc/arm-none-eabi/13.3.1/thumb/v7e-m+dp/hard/crtbegin.o
 *(.init)
 .init          0x08002cbc        0x4 /Applications/STM32CubeIDE.app/Contents/Eclipse/plugins/com.st.stm32cube.ide.mcu.externaltools.gnu-tools-for-stm32.13.3.rel1.macos64_1.0.0.202411102158/tools/bin/../lib/gcc/arm-none-eabi/13.3.1/thumb/v7e-m+dp/hard/crti.o
                0x08002cbc                _init
 .init          0x08002cc0        0x8 /Applications/STM32CubeIDE.app/Contents/Eclipse/plugins/com.st.stm32cube.ide.mcu.externaltools.gnu-tools-for-stm32.13.3.rel1.macos64_1.0.0.202411102158/tools/bin/../lib/gcc/arm-none-eabi/13.3.1/thumb/v7e-m+dp/hard/crtn.o
 *(.fini)
 .fini          0x08002cc8        0x4 /Applications/STM32CubeIDE.app/Contents/Eclipse/plugins/com.st.stm32cube.ide.mcu.externaltools.gnu-tools-for-stm32.13.3.rel1.macos64_1.0.0.202411102158/tools/bin/../lib/gcc/arm-none-eabi/13.3.1/thumb/v7e-m+dp/hard/crti.o
                0x08002cc8                _fini
 .fini          0x08002ccc        0x8 /Applications/STM32CubeIDE.app/Contents/Eclipse/plugins/com.st.stm32cube.ide.mcu.externaltools.gnu-tools-for-stm32.13.3.rel1.macos64_1.0.0.202411102158/tools/bin/../lib/gcc/arm-none-eabi/13.3.1/thumb/v7e-m+dp/hard/crtn.o
                0x08002cd4                        . = ALIGN (0x4)
                0x08002cd4                        _etext = .

.vfp11_veneer   0x08002cd4        0x0
 .vfp11_veneer  0x08002cd4        0x0 linker stubs

.v4_bx          0x08002cd4        0x0
 .v4_bx         0x08002cd4        0x0 linker stubs

.iplt           0x08002cd4        0x0
 .iplt          0x08002cd4        0x0 /Applications/STM32CubeIDE.app/Contents/Eclipse/plugins/com.st.stm32cube.ide.mcu.externaltools.gnu-tools-for-stm32.13.3.rel1.macos64_1.0.0.202411102158/tools/bin/../lib/gcc/arm-none-eabi/13.3.1/thumb/v7e-m+dp/hard/crtbegin.o

.rodata         0x08002cd4       0x6c
                0x08002cd4                        . = ALIGN (0x4)
 *(.rodata)
 .rodata        0x08002cd4       0x4c ./Drivers/STM32H7xx_HAL_Driver/Src/stm32h7xx_hal_fdcan.o
 *(.rodata*)
 .rodata.D1CorePrescTable
                0x08002d20       0x10 ./Core/Src/system_stm32h7xx.o
                0x08002d20                D1CorePrescTable
 .rodata.DLCtoBytes
                0x08002d30       0x10 ./Drivers/STM32H7xx_HAL_Driver/Src/stm32h7xx_hal_fdcan.o
                0x08002d40                        . = ALIGN (0x4)

.ARM.extab
 *(.ARM.extab* .gnu.linkonce.armextab.*)

.ARM            0x08002d40        0x0
                0x08002d40                        __exidx_start = .
 *(.ARM.exidx*)
                0x08002d40                        __exidx_end = .

.preinit_array  0x08002d40        0x0
                0x08002d40                        PROVIDE (__preinit_array_start = .)
 *(.preinit_array*)
                0x08002d40                        PROVIDE (__preinit_array_end = .)

.init_array     0x08002d40        0x4
                0x08002d40                        PROVIDE (__init_array_start = .)
 *(SORT_BY_NAME(.init_array.*))
 *(.init_array*)
 .init_array    0x08002d40        0x4 /Applications/STM32CubeIDE.app/Contents/Eclipse/plugins/com.st.stm32cube.ide.mcu.externaltools.gnu-tools-for-stm32.13.3.rel1.macos64_1.0.0.202411102158/tools/bin/../lib/gcc/arm-none-eabi/13.3.1/thumb/v7e-m+dp/hard/crtbegin.o
                0x08002d44                        PROVIDE (__init_array_end = .)

.fini_array     0x08002d44        0x4
                [!provide]                        PROVIDE (__fini_array_start = .)
 *(SORT_BY_NAME(.fini_array.*))
 *(.fini_array*)
 .fini_array    0x08002d44        0x4 /Applications/STM32CubeIDE.app/Contents/Eclipse/plugins/com.st.stm32cube.ide.mcu.externaltools.gnu-tools-for-stm32.13.3.rel1.macos64_1.0.0.202411102158/tools/bin/../lib/gcc/arm-none-eabi/13.3.1/thumb/v7e-m+dp/hard/crtbegin.o
                [!provide]                        PROVIDE (__fini_array_end = .)
                0x08002d48                        _sidata = LOADADDR (.data)

.rel.dyn        0x08002d48        0x0
 .rel.iplt      0x08002d48        0x0 /Applications/STM32CubeIDE.app/Contents/Eclipse/plugins/com.st.stm32cube.ide.mcu.externaltools.gnu-tools-for-stm32.13.3.rel1.macos64_1.0.0.202411102158/tools/bin/../lib/gcc/arm-none-eabi/13.3.1/thumb/v7e-m+dp/hard/crtbegin.o

.data           0x24000000       0x10 load address 0x08002d48
                0x24000000                        . = ALIGN (0x4)
                0x24000000                        _sdata = .
 *(.data)
 *(.data*)
 .data.SystemCoreClock
                0x24000000        0x4 ./Core/Src/system_stm32h7xx.o
                0x24000000                SystemCoreClock
 .data.SystemD2Clock
                0x24000004        0x4 ./Core/Src/system_stm32h7xx.o
                0x24000004                SystemD2Clock
 .data.uwTickPrio
                0x24000008        0x4 ./Drivers/STM32H7xx_HAL_Driver/Src/stm32h7xx_hal.o
                0x24000008                uwTickPrio
 .data.uwTickFreq
                0x2400000c        0x1 ./Drivers/STM32H7xx_HAL_Driver/Src/stm32h7xx_hal.o
                0x2400000c                uwTickFreq
 *(.RamFunc)
 *(.RamFunc*)
                0x24000010                        . = ALIGN (0x4)
 *fill*         0x2400000d        0x3 
                0x24000010                        _edata = .

.igot.plt       0x24000010        0x0 load address 0x08002d58
 .igot.plt      0x24000010        0x0 /Applications/STM32CubeIDE.app/Contents/Eclipse/plugins/com.st.stm32cube.ide.mcu.externaltools.gnu-tools-for-stm32.13.3.rel1.macos64_1.0.0.202411102158/tools/bin/../lib/gcc/arm-none-eabi/13.3.1/thumb/v7e-m+dp/hard/crtbegin.o
                0x24000010                        . = ALIGN (0x4)

.bss            0x24000010      0x12c load address 0x08002d58
                0x24000010                        _sbss = .
                0x24000010                        __bss_start__ = _sbss
 *(.bss)
 .bss           0x24000010       0x1c /Applications/STM32CubeIDE.app/Contents/Eclipse/plugins/com.st.stm32cube.ide.mcu.externaltools.gnu-tools-for-stm32.13.3.rel1.macos64_1.0.0.202411102158/tools/bin/../lib/gcc/arm-none-eabi/13.3.1/thumb/v7e-m+dp/hard/crtbegin.o
 *(.bss*)
 .bss.g_esus_data
                0x2400002c       0x14 ./Core/Src/control.o
 .bss.g_actuator_command
                0x24000040        0x4 ./Core/Src/control.o
 .bss.s_prev_position_mm
                0x24000044        0x2 ./Core/Src/control.o
 *fill*         0x24000046        0x2 
 .bss.hcan      0x24000048       0xa0 ./Core/Src/main.o
                0x24000048                hcan
 .bss.header    0x240000e8       0x24 ./Core/Src/main.o
                0x240000e8                header
 .bss.data      0x2400010c        0x8 ./Core/Src/main.o
                0x2400010c                data
 .bss.mailbox   0x24000114        0x4 ./Core/Src/main.o
                0x24000114                mailbox
 .bss.filter    0x24000118       0x20 ./Core/Src/main.o
                0x24000118                filter
 .bss.uwTick    0x24000138        0x4 ./Drivers/STM32H7xx_HAL_Driver/Src/stm32h7xx_hal.o
                0x24000138                uwTick
 *(COMMON)
                0x2400013c                        . = ALIGN (0x4)
                0x2400013c                        _ebss = .
                0x2400013c                        __bss_end__ = _ebss

._user_heap_stack
                0x2400013c      0x604 load address 0x08002d58
                0x24000140                        . = ALIGN (0x8)
 *fill*         0x2400013c        0x4 
                [!provide]                        PROVIDE (end = .)
                0x24000140                        PROVIDE (_end = .)
                0x24000340                        . = (. + _Min_Heap_Size)
 *fill*         0x24000140      0x200 
                0x24000740                        . = (. + _Min_Stack_Size)
 *fill*         0x24000340      0x400 
                0x24000740                        . = ALIGN (0x8)

/DISCARD/
 libc.a(*)
 libm.a(*)
 libgcc.a(*)

.ARM.attributes
                0x00000000       0x2e
 *(.ARM.attributes)
 .ARM.attributes
                0x00000000       0x20 /Applications/STM32CubeIDE.app/Contents/Eclipse/plugins/com.st.stm32cube.ide.mcu.externaltools.gnu-tools-for-stm32.13.3.rel1.macos64_1.0.0.202411102158/tools/bin/../lib/gcc/arm-none-eabi/13.3.1/thumb/v7e-m+dp/hard/crti.o
 .ARM.attributes
                0x00000020       0x32 /Applications/STM32CubeIDE.app/Contents/Eclipse/plugins/com.st.stm32cube.ide.mcu.externaltools.gnu-tools-for-stm32.13.3.rel1.macos64_1.0.0.202411102158/tools/bin/../lib/gcc/arm-none-eabi/13.3.1/thumb/v7e-m+dp/hard/crtbegin.o
 .ARM.attributes
                0x00000052       0x32 ./Core/Src/control.o
 .ARM.attributes
                0x00000084       0x32 ./Core/Src/main.o
 .ARM.attributes
                0x000000b6       0x32 ./Core/Src/stm32h7xx_hal_msp.o
 .ARM.attributes
                0x000000e8       0x32 ./Core/Src/stm32h7xx_it.o
 .ARM.attributes
                0x0000011a       0x32 ./Core/Src/system_stm32h7xx.o
 .ARM.attributes
                0x0000014c       0x21 ./Core/Startup/startup_stm32h723zgtx.o
 .ARM.attributes
                0x0000016d       0x32 ./Drivers/STM32H7xx_HAL_Driver/Src/stm32h7xx_hal.o
 .ARM.attributes
                0x0000019f       0x32 ./Drivers/STM32H7xx_HAL_Driver/Src/stm32h7xx_hal_cortex.o
 .ARM.attributes
                0x000001d1       0x32 ./Drivers/STM32H7xx_HAL_Driver/Src/stm32h7xx_hal_fdcan.o
 .ARM.attributes
                0x00000203       0x32 ./Drivers/STM32H7xx_HAL_Driver/Src/stm32h7xx_hal_gpio.o
 .ARM.attributes
                0x00000235       0x32 ./Drivers/STM32H7xx_HAL_Driver/Src/stm32h7xx_hal_pwr_ex.o
 .ARM.attributes
                0x00000267       0x32 ./Drivers/STM32H7xx_HAL_Driver/Src/stm32h7xx_hal_rcc.o
 .ARM.attributes
                0x00000299       0x32 /Applications/STM32CubeIDE.app/Contents/Eclipse/plugins/com.st.stm32cube.ide.mcu.externaltools.gnu-tools-for-stm32.13.3.rel1.macos64_1.0.0.202411102158/tools/bin/../lib/gcc/arm-none-eabi/13.3.1/../../../../arm-none-eabi/lib/thumb/v7e-m+dp/hard/libm.a(libm_a-sf_round.o)
 .ARM.attributes
                0x000002cb       0x32 /Applications/STM32CubeIDE.app/Contents/Eclipse/plugins/com.st.stm32cube.ide.mcu.externaltools.gnu-tools-for-stm32.13.3.rel1.macos64_1.0.0.202411102158/tools/bin/../lib/gcc/arm-none-eabi/13.3.1/../../../../arm-none-eabi/lib/thumb/v7e-m+dp/hard/libc_nano.a(libc_a-memset.o)
 .ARM.attributes
                0x000002fd       0x32 /Applications/STM32CubeIDE.app/Contents/Eclipse/plugins/com.st.stm32cube.ide.mcu.externaltools.gnu-tools-for-stm32.13.3.rel1.macos64_1.0.0.202411102158/tools/bin/../lib/gcc/arm-none-eabi/13.3.1/../../../../arm-none-eabi/lib/thumb/v7e-m+dp/hard/libc_nano.a(libc_a-init.o)
 .ARM.attributes
                0x0000032f       0x32 /Applications/STM32CubeIDE.app/Contents/Eclipse/plugins/com.st.stm32cube.ide.mcu.externaltools.gnu-tools-for-stm32.13.3.rel1.macos64_1.0.0.202411102158/tools/bin/../lib/gcc/arm-none-eabi/13.3.1/../../../../arm-none-eabi/lib/thumb/v7e-m+dp/hard/libc_nano.a(libc_a-memcpy-stub.o)
 .ARM.attributes
                0x00000361       0x20 /Applications/STM32CubeIDE.app/Contents/Eclipse/plugins/com.st.stm32cube.ide.mcu.externaltools.gnu-tools-for-stm32.13.3.rel1.macos64_1.0.0.202411102158/tools/bin/../lib/gcc/arm-none-eabi/13.3.1/thumb/v7e-m+dp/hard/crtn.o
OUTPUT(rl_esus.elf elf32-littlearm)
LOAD linker stubs
LOAD /Applications/STM32CubeIDE.app/Contents/Eclipse/plugins/com.st.stm32cube.ide.mcu.externaltools.gnu-tools-for-stm32.13.3.rel1.macos64_1.0.0.202411102158/tools/bin/../lib/gcc/arm-none-eabi/13.3.1/../../../../arm-none-eabi/lib/thumb/v7e-m+dp/hard/libc.a
LOAD /Applications/STM32CubeIDE.app/Contents/Eclipse/plugins/com.st.stm32cube.ide.mcu.externaltools.gnu-tools-for-stm32.13.3.rel1.macos64_1.0.0.202411102158/tools/bin/../lib/gcc/arm-none-eabi/13.3.1/../../../../arm-none-eabi/lib/thumb/v7e-m+dp/hard/libm.a
LOAD /Applications/STM32CubeIDE.app/Contents/Eclipse/plugins/com.st.stm32cube.ide.mcu.externaltools.gnu-tools-for-stm32.13.3.rel1.macos64_1.0.0.202411102158/tools/bin/../lib/gcc/arm-none-eabi/13.3.1/thumb/v7e-m+dp/hard/libgcc.a

.debug_info     0x00000000     0xaf9c
 .debug_info    0x00000000      0xe93 ./Core/Src/control.o
 .debug_info    0x00000e93     0x14a8 ./Core/Src/main.o
 .debug_info    0x0000233b      0x46b ./Core/Src/stm32h7xx_hal_msp.o
 .debug_info    0x000027a6      0x12f ./Core/Src/stm32h7xx_it.o
 .debug_info    0x000028d5      0xbf0 ./Core/Src/system_stm32h7xx.o
 .debug_info    0x000034c5       0x30 ./Core/Startup/startup_stm32h723zgtx.o
 .debug_info    0x000034f5     0x1698 ./Drivers/STM32H7xx_HAL_Driver/Src/stm32h7xx_hal.o
 .debug_info    0x00004b8d     0x10a5 ./Drivers/STM32H7xx_HAL_Driver/Src/stm32h7xx_hal_cortex.o
 .debug_info    0x00005c32     0x2baf ./Drivers/STM32H7xx_HAL_Driver/Src/stm32h7xx_hal_fdcan.o
 .debug_info    0x000087e1      0xc6b ./Drivers/STM32H7xx_HAL_Driver/Src/stm32h7xx_hal_gpio.o
 .debug_info    0x0000944c      0xdce ./Drivers/STM32H7xx_HAL_Driver/Src/stm32h7xx_hal_pwr_ex.o
 .debug_info    0x0000a21a      0xd82 ./Drivers/STM32H7xx_HAL_Driver/Src/stm32h7xx_hal_rcc.o

.debug_abbrev   0x00000000     0x1762
 .debug_abbrev  0x00000000      0x234 ./Core/Src/control.o
 .debug_abbrev  0x00000234      0x2bf ./Core/Src/main.o
 .debug_abbrev  0x000004f3       0xdb ./Core/Src/stm32h7xx_hal_msp.o
 .debug_abbrev  0x000005ce       0x73 ./Core/Src/stm32h7xx_it.o
 .debug_abbrev  0x00000641      0x153 ./Core/Src/system_stm32h7xx.o
 .debug_abbrev  0x00000794       0x24 ./Core/Startup/startup_stm32h723zgtx.o
 .debug_abbrev  0x000007b8      0x29e ./Drivers/STM32H7xx_HAL_Driver/Src/stm32h7xx_hal.o
 .debug_abbrev  0x00000a56      0x339 ./Drivers/STM32H7xx_HAL_Driver/Src/stm32h7xx_hal_cortex.o
 .debug_abbrev  0x00000d8f      0x288 ./Drivers/STM32H7xx_HAL_Driver/Src/stm32h7xx_hal_fdcan.o
 .debug_abbrev  0x00001017      0x205 ./Drivers/STM32H7xx_HAL_Driver/Src/stm32h7xx_hal_gpio.o
 .debug_abbrev  0x0000121c      0x295 ./Drivers/STM32H7xx_HAL_Driver/Src/stm32h7xx_hal_pwr_ex.o
 .debug_abbrev  0x000014b1      0x2b1 ./Drivers/STM32H7xx_HAL_Driver/Src/stm32h7xx_hal_rcc.o

.debug_aranges  0x00000000      0x9d8
 .debug_aranges
                0x00000000       0x60 ./Core/Src/control.o
 .debug_aranges
                0x00000060       0x48 ./Core/Src/main.o
 .debug_aranges
                0x000000a8       0x20 ./Core/Src/stm32h7xx_hal_msp.o
 .debug_aranges
                0x000000c8       0x60 ./Core/Src/stm32h7xx_it.o
 .debug_aranges
                0x00000128       0x30 ./Core/Src/system_stm32h7xx.o
 .debug_aranges
                0x00000158       0x28 ./Core/Startup/startup_stm32h723zgtx.o
 .debug_aranges
                0x00000180      0x1c8 ./Drivers/STM32H7xx_HAL_Driver/Src/stm32h7xx_hal.o
 .debug_aranges
                0x00000348      0x130 ./Drivers/STM32H7xx_HAL_Driver/Src/stm32h7xx_hal_cortex.o
 .debug_aranges
                0x00000478      0x338 ./Drivers/STM32H7xx_HAL_Driver/Src/stm32h7xx_hal_fdcan.o
 .debug_aranges
                0x000007b0       0x58 ./Drivers/STM32H7xx_HAL_Driver/Src/stm32h7xx_hal_gpio.o
 .debug_aranges
                0x00000808      0x148 ./Drivers/STM32H7xx_HAL_Driver/Src/stm32h7xx_hal_pwr_ex.o
 .debug_aranges
                0x00000950       0x88 ./Drivers/STM32H7xx_HAL_Driver/Src/stm32h7xx_hal_rcc.o

.debug_rnglists
                0x00000000      0x766
 .debug_rnglists
                0x00000000       0x46 ./Core/Src/control.o
 .debug_rnglists
                0x00000046       0x34 ./Core/Src/main.o
 .debug_rnglists
                0x0000007a       0x13 ./Core/Src/stm32h7xx_hal_msp.o
 .debug_rnglists
                0x0000008d       0x43 ./Core/Src/stm32h7xx_it.o
 .debug_rnglists
                0x000000d0       0x21 ./Core/Src/system_stm32h7xx.o
 .debug_rnglists
                0x000000f1       0x19 ./Core/Startup/startup_stm32h723zgtx.o
 .debug_rnglists
                0x0000010a      0x155 ./Drivers/STM32H7xx_HAL_Driver/Src/stm32h7xx_hal.o
 .debug_rnglists
                0x0000025f       0xe0 ./Drivers/STM32H7xx_HAL_Driver/Src/stm32h7xx_hal_cortex.o
 .debug_rnglists
                0x0000033f      0x28b ./Drivers/STM32H7xx_HAL_Driver/Src/stm32h7xx_hal_fdcan.o
 .debug_rnglists
                0x000005ca       0x3f ./Drivers/STM32H7xx_HAL_Driver/Src/stm32h7xx_hal_gpio.o
 .debug_rnglists
                0x00000609       0xf5 ./Drivers/STM32H7xx_HAL_Driver/Src/stm32h7xx_hal_pwr_ex.o
 .debug_rnglists
                0x000006fe       0x68 ./Drivers/STM32H7xx_HAL_Driver/Src/stm32h7xx_hal_rcc.o

.debug_macro    0x00000000    0x31b5e
 .debug_macro   0x00000000      0x306 ./Core/Src/control.o
 .debug_macro   0x00000306      0xaf6 ./Core/Src/control.o
 .debug_macro   0x00000dfc       0x22 ./Core/Src/control.o
 .debug_macro   0x00000e1e       0x8e ./Core/Src/control.o
 .debug_macro   0x00000eac       0x51 ./Core/Src/control.o
 .debug_macro   0x00000efd      0x103 ./Core/Src/control.o
 .debug_macro   0x00001000       0x6a ./Core/Src/control.o
 .debug_macro   0x0000106a      0x1df ./Core/Src/control.o
 .debug_macro   0x00001249       0x22 ./Core/Src/control.o
 .debug_macro   0x0000126b       0xb2 ./Core/Src/control.o
 .debug_macro   0x0000131d      0x232 ./Core/Src/control.o
 .debug_macro   0x0000154f       0x2e ./Core/Src/control.o
 .debug_macro   0x0000157d       0x3b ./Core/Src/control.o
 .debug_macro   0x000015b8       0x1c ./Core/Src/control.o
 .debug_macro   0x000015d4       0x22 ./Core/Src/control.o
 .debug_macro   0x000015f6       0xfb ./Core/Src/control.o
 .debug_macro   0x000016f1     0x1305 ./Core/Src/control.o
 .debug_macro   0x000029f6      0x11f ./Core/Src/control.o
 .debug_macro   0x00002b15       0x27 ./Core/Src/control.o
 .debug_macro   0x00002b3c    0x216c1 ./Core/Src/control.o
 .debug_macro   0x000241fd       0x6d ./Core/Src/control.o
 .debug_macro   0x0002426a     0x3d64 ./Core/Src/control.o
 .debug_macro   0x00027fce      0x190 ./Core/Src/control.o
 .debug_macro   0x0002815e       0x61 ./Core/Src/control.o
 .debug_macro   0x000281bf       0x29 ./Core/Src/control.o
 .debug_macro   0x000281e8       0x43 ./Core/Src/control.o
 .debug_macro   0x0002822b       0x34 ./Core/Src/control.o
 .debug_macro   0x0002825f      0x370 ./Core/Src/control.o
 .debug_macro   0x000285cf       0x16 ./Core/Src/control.o
 .debug_macro   0x000285e5       0x4a ./Core/Src/control.o
 .debug_macro   0x0002862f       0x34 ./Core/Src/control.o
 .debug_macro   0x00028663       0x10 ./Core/Src/control.o
 .debug_macro   0x00028673       0x58 ./Core/Src/control.o
 .debug_macro   0x000286cb       0x8e ./Core/Src/control.o
 .debug_macro   0x00028759       0x1c ./Core/Src/control.o
 .debug_macro   0x00028775      0x185 ./Core/Src/control.o
 .debug_macro   0x000288fa      0x19b ./Core/Src/control.o
 .debug_macro   0x00028a95       0x5d ./Core/Src/control.o
 .debug_macro   0x00028af2     0x2462 ./Core/Src/control.o
 .debug_macro   0x0002af54     0x1079 ./Core/Src/control.o
 .debug_macro   0x0002bfcd      0x154 ./Core/Src/control.o
 .debug_macro   0x0002c121      0x114 ./Core/Src/control.o
 .debug_macro   0x0002c235      0x3fc ./Core/Src/control.o
 .debug_macro   0x0002c631       0xac ./Core/Src/control.o
 .debug_macro   0x0002c6dd      0x788 ./Core/Src/control.o
 .debug_macro   0x0002ce65      0x228 ./Core/Src/control.o
 .debug_macro   0x0002d08d       0x66 ./Core/Src/control.o
 .debug_macro   0x0002d0f3      0x3a6 ./Core/Src/control.o
 .debug_macro   0x0002d499      0x3f9 ./Core/Src/control.o
 .debug_macro   0x0002d892      0x275 ./Core/Src/control.o
 .debug_macro   0x0002db07      0xe42 ./Core/Src/control.o
 .debug_macro   0x0002e949      0x3ca ./Core/Src/control.o
 .debug_macro   0x0002ed13      0x45c ./Core/Src/control.o
 .debug_macro   0x0002f16f       0x3c ./Core/Src/control.o
 .debug_macro   0x0002f1ab       0x4a ./Core/Src/control.o
 .debug_macro   0x0002f1f5      0x22c ./Core/Src/control.o
 .debug_macro   0x0002f421       0x67 ./Core/Src/control.o
 .debug_macro   0x0002f488       0xa5 ./Core/Src/control.o
 .debug_macro   0x0002f52d      0x1c4 ./Core/Src/control.o
 .debug_macro   0x0002f6f1      0x22a ./Core/Src/control.o
 .debug_macro   0x0002f91b       0x35 ./Core/Src/control.o
 .debug_macro   0x0002f950      0x5f2 ./Core/Src/control.o
 .debug_macro   0x0002ff42       0x16 ./Core/Src/control.o
 .debug_macro   0x0002ff58       0x3c ./Core/Src/control.o
 .debug_macro   0x0002ff94       0x20 ./Core/Src/control.o
 .debug_macro   0x0002ffb4      0x2ea ./Core/Src/main.o
 .debug_macro   0x0003029e      0x2b6 ./Core/Src/stm32h7xx_hal_msp.o
 .debug_macro   0x00030554      0x2c0 ./Core/Src/stm32h7xx_it.o
 .debug_macro   0x00030814      0x28a ./Core/Src/system_stm32h7xx.o
 .debug_macro   0x00030a9e      0x2b4 ./Drivers/STM32H7xx_HAL_Driver/Src/stm32h7xx_hal.o
 .debug_macro   0x00030d52      0x28a ./Drivers/STM32H7xx_HAL_Driver/Src/stm32h7xx_hal_cortex.o
 .debug_macro   0x00030fdc      0x380 ./Drivers/STM32H7xx_HAL_Driver/Src/stm32h7xx_hal_fdcan.o
 .debug_macro   0x0003135c      0x291 ./Drivers/STM32H7xx_HAL_Driver/Src/stm32h7xx_hal_gpio.o
 .debug_macro   0x000315ed      0x2c3 ./Drivers/STM32H7xx_HAL_Driver/Src/stm32h7xx_hal_pwr_ex.o
 .debug_macro   0x000318b0      0x2ae ./Drivers/STM32H7xx_HAL_Driver/Src/stm32h7xx_hal_rcc.o

.debug_line     0x00000000     0xa4c2
 .debug_line    0x00000000      0xa5e ./Core/Src/control.o
 .debug_line    0x00000a5e      0xa01 ./Core/Src/main.o
 .debug_line    0x0000145f      0x853 ./Core/Src/stm32h7xx_hal_msp.o
 .debug_line    0x00001cb2      0x903 ./Core/Src/stm32h7xx_it.o
 .debug_line    0x000025b5      0xa1c ./Core/Src/system_stm32h7xx.o
 .debug_line    0x00002fd1       0x7b ./Core/Startup/startup_stm32h723zgtx.o
 .debug_line    0x0000304c      0xe91 ./Drivers/STM32H7xx_HAL_Driver/Src/stm32h7xx_hal.o
 .debug_line    0x00003edd      0xdea ./Drivers/STM32H7xx_HAL_Driver/Src/stm32h7xx_hal_cortex.o
 .debug_line    0x00004cc7     0x28a9 ./Drivers/STM32H7xx_HAL_Driver/Src/stm32h7xx_hal_fdcan.o
 .debug_line    0x00007570      0xc75 ./Drivers/STM32H7xx_HAL_Driver/Src/stm32h7xx_hal_gpio.o
 .debug_line    0x000081e5      0xecf ./Drivers/STM32H7xx_HAL_Driver/Src/stm32h7xx_hal_pwr_ex.o
 .debug_line    0x000090b4     0x140e ./Drivers/STM32H7xx_HAL_Driver/Src/stm32h7xx_hal_rcc.o

.debug_str      0x00000000   0x142d64
 .debug_str     0x00000000   0x142d64 ./Core/Src/control.o
                             0x13ef3f (size before relaxing)
 .debug_str     0x00142d64   0x13f1de ./Core/Src/main.o
 .debug_str     0x00142d64   0x13e704 ./Core/Src/stm32h7xx_hal_msp.o
 .debug_str     0x00142d64   0x13e563 ./Core/Src/stm32h7xx_it.o
 .debug_str     0x00142d64   0x13e602 ./Core/Src/system_stm32h7xx.o
 .debug_str     0x00142d64       0x84 ./Core/Startup/startup_stm32h723zgtx.o
 .debug_str     0x00142d64   0x13f64d ./Drivers/STM32H7xx_HAL_Driver/Src/stm32h7xx_hal.o
 .debug_str     0x00142d64   0x13ef67 ./Drivers/STM32H7xx_HAL_Driver/Src/stm32h7xx_hal_cortex.o
 .debug_str     0x00142d64   0x1403dc ./Drivers/STM32H7xx_HAL_Driver/Src/stm32h7xx_hal_fdcan.o
 .debug_str     0x00142d64   0x13e60e ./Drivers/STM32H7xx_HAL_Driver/Src/stm32h7xx_hal_gpio.o
 .debug_str     0x00142d64   0x13ea16 ./Drivers/STM32H7xx_HAL_Driver/Src/stm32h7xx_hal_pwr_ex.o
 .debug_str     0x00142d64   0x13e991 ./Drivers/STM32H7xx_HAL_Driver/Src/stm32h7xx_hal_rcc.o

.comment        0x00000000       0x43
 .comment       0x00000000       0x43 ./Core/Src/control.o
                                 0x44 (size before relaxing)
 .comment       0x00000043       0x44 ./Core/Src/main.o
 .comment       0x00000043       0x44 ./Core/Src/stm32h7xx_hal_msp.o
 .comment       0x00000043       0x44 ./Core/Src/stm32h7xx_it.o
 .comment       0x00000043       0x44 ./Core/Src/system_stm32h7xx.o
 .comment       0x00000043       0x44 ./Drivers/STM32H7xx_HAL_Driver/Src/stm32h7xx_hal.o
 .comment       0x00000043       0x44 ./Drivers/STM32H7xx_HAL_Driver/Src/stm32h7xx_hal_cortex.o
 .comment       0x00000043       0x44 ./Drivers/STM32H7xx_HAL_Driver/Src/stm32h7xx_hal_fdcan.o
 .comment       0x00000043       0x44 ./Drivers/STM32H7xx_HAL_Driver/Src/stm32h7xx_hal_gpio.o
 .comment       0x00000043       0x44 ./Drivers/STM32H7xx_HAL_Driver/Src/stm32h7xx_hal_pwr_ex.o
 .comment       0x00000043       0x44 ./Drivers/STM32H7xx_HAL_Driver/Src/stm32h7xx_hal_rcc.o

.debug_frame    0x00000000     0x2908
 .debug_frame   0x00000000      0x164 ./Core/Src/control.o
 .debug_frame   0x00000164       0xd0 ./Core/Src/main.o
 .debug_frame   0x00000234       0x38 ./Core/Src/stm32h7xx_hal_msp.o
 .debug_frame   0x0000026c      0x104 ./Core/Src/stm32h7xx_it.o
 .debug_frame   0x00000370       0x78 ./Core/Src/system_stm32h7xx.o
 .debug_frame   0x000003e8      0x760 ./Drivers/STM32H7xx_HAL_Driver/Src/stm32h7xx_hal.o
 .debug_frame   0x00000b48      0x508 ./Drivers/STM32H7xx_HAL_Driver/Src/stm32h7xx_hal_cortex.o
 .debug_frame   0x00001050      0xf9c ./Drivers/STM32H7xx_HAL_Driver/Src/stm32h7xx_hal_fdcan.o
 .debug_frame   0x00001fec      0x14c ./Drivers/STM32H7xx_HAL_Driver/Src/stm32h7xx_hal_gpio.o
 .debug_frame   0x00002138      0x540 ./Drivers/STM32H7xx_HAL_Driver/Src/stm32h7xx_hal_pwr_ex.o
 .debug_frame   0x00002678      0x1fc ./Drivers/STM32H7xx_HAL_Driver/Src/stm32h7xx_hal_rcc.o
 .debug_frame   0x00002874       0x20 /Applications/STM32CubeIDE.app/Contents/Eclipse/plugins/com.st.stm32cube.ide.mcu.externaltools.gnu-tools-for-stm32.13.3.rel1.macos64_1.0.0.202411102158/tools/bin/../lib/gcc/arm-none-eabi/13.3.1/../../../../arm-none-eabi/lib/thumb/v7e-m+dp/hard/libm.a(libm_a-sf_round.o)
 .debug_frame   0x00002894       0x20 /Applications/STM32CubeIDE.app/Contents/Eclipse/plugins/com.st.stm32cube.ide.mcu.externaltools.gnu-tools-for-stm32.13.3.rel1.macos64_1.0.0.202411102158/tools/bin/../lib/gcc/arm-none-eabi/13.3.1/../../../../arm-none-eabi/lib/thumb/v7e-m+dp/hard/libc_nano.a(libc_a-memset.o)
 .debug_frame   0x000028b4       0x2c /Applications/STM32CubeIDE.app/Contents/Eclipse/plugins/com.st.stm32cube.ide.mcu.externaltools.gnu-tools-for-stm32.13.3.rel1.macos64_1.0.0.202411102158/tools/bin/../lib/gcc/arm-none-eabi/13.3.1/../../../../arm-none-eabi/lib/thumb/v7e-m+dp/hard/libc_nano.a(libc_a-init.o)
 .debug_frame   0x000028e0       0x28 /Applications/STM32CubeIDE.app/Contents/Eclipse/plugins/com.st.stm32cube.ide.mcu.externaltools.gnu-tools-for-stm32.13.3.rel1.macos64_1.0.0.202411102158/tools/bin/../lib/gcc/arm-none-eabi/13.3.1/../../../../arm-none-eabi/lib/thumb/v7e-m+dp/hard/libc_nano.a(libc_a-memcpy-stub.o)

.debug_line_str
                0x00000000       0x68
 .debug_line_str
                0x00000000       0x68 ./Core/Startup/startup_stm32h723zgtx.o
