../Drivers/STM32H7xx_HAL_Driver/Src/stm32h7xx_hal_fdcan.c:300:19:HAL_FDCAN_Init	104	static
../Drivers/STM32H7xx_HAL_Driver/Src/stm32h7xx_hal_fdcan.c:606:19:HAL_FDCAN_DeInit	16	static
../Drivers/STM32H7xx_HAL_Driver/Src/stm32h7xx_hal_fdcan.c:652:13:HAL_FDCAN_MspInit	16	static
../Drivers/STM32H7xx_HAL_Driver/Src/stm32h7xx_hal_fdcan.c:667:13:HAL_FDCAN_MspDeInit	16	static
../Drivers/STM32H7xx_HAL_Driver/Src/stm32h7xx_hal_fdcan.c:682:19:HAL_FDCAN_EnterPowerDownMode	24	static
../Drivers/STM32H7xx_HAL_Driver/Src/stm32h7xx_hal_fdcan.c:717:19:HAL_FDCAN_ExitPowerDownMode	24	static
../Drivers/STM32H7xx_HAL_Driver/Src/stm32h7xx_hal_fdcan.c:1688:19:HAL_FDCAN_ConfigClockCalibration	16	static
../Drivers/STM32H7xx_HAL_Driver/Src/stm32h7xx_hal_fdcan.c:1759:10:HAL_FDCAN_GetClockCalibrationState	16	static
../Drivers/STM32H7xx_HAL_Driver/Src/stm32h7xx_hal_fdcan.c:1773:19:HAL_FDCAN_ResetClockCalibrationState	16	static
../Drivers/STM32H7xx_HAL_Driver/Src/stm32h7xx_hal_fdcan.c:1809:10:HAL_FDCAN_GetClockCalibrationCounter	16	static
../Drivers/STM32H7xx_HAL_Driver/Src/stm32h7xx_hal_fdcan.c:1840:19:HAL_FDCAN_ConfigFilter	32	static
../Drivers/STM32H7xx_HAL_Driver/Src/stm32h7xx_hal_fdcan.c:1952:19:HAL_FDCAN_ConfigGlobalFilter	24	static
../Drivers/STM32H7xx_HAL_Driver/Src/stm32h7xx_hal_fdcan.c:1992:19:HAL_FDCAN_ConfigExtendedIdMask	16	static
../Drivers/STM32H7xx_HAL_Driver/Src/stm32h7xx_hal_fdcan.c:2026:19:HAL_FDCAN_ConfigRxFifoOverwrite	24	static
../Drivers/STM32H7xx_HAL_Driver/Src/stm32h7xx_hal_fdcan.c:2069:19:HAL_FDCAN_ConfigFifoWatermark	24	static
../Drivers/STM32H7xx_HAL_Driver/Src/stm32h7xx_hal_fdcan.c:2119:19:HAL_FDCAN_ConfigRamWatchdog	16	static
../Drivers/STM32H7xx_HAL_Driver/Src/stm32h7xx_hal_fdcan.c:2149:19:HAL_FDCAN_ConfigTimestampCounter	16	static
../Drivers/STM32H7xx_HAL_Driver/Src/stm32h7xx_hal_fdcan.c:2179:19:HAL_FDCAN_EnableTimestampCounter	16	static
../Drivers/STM32H7xx_HAL_Driver/Src/stm32h7xx_hal_fdcan.c:2207:19:HAL_FDCAN_DisableTimestampCounter	16	static
../Drivers/STM32H7xx_HAL_Driver/Src/stm32h7xx_hal_fdcan.c:2232:10:HAL_FDCAN_GetTimestampCounter	16	static
../Drivers/STM32H7xx_HAL_Driver/Src/stm32h7xx_hal_fdcan.c:2243:19:HAL_FDCAN_ResetTimestampCounter	16	static
../Drivers/STM32H7xx_HAL_Driver/Src/stm32h7xx_hal_fdcan.c:2274:19:HAL_FDCAN_ConfigTimeoutCounter	24	static
../Drivers/STM32H7xx_HAL_Driver/Src/stm32h7xx_hal_fdcan.c:2305:19:HAL_FDCAN_EnableTimeoutCounter	16	static
../Drivers/STM32H7xx_HAL_Driver/Src/stm32h7xx_hal_fdcan.c:2330:19:HAL_FDCAN_DisableTimeoutCounter	16	static
../Drivers/STM32H7xx_HAL_Driver/Src/stm32h7xx_hal_fdcan.c:2355:10:HAL_FDCAN_GetTimeoutCounter	16	static
../Drivers/STM32H7xx_HAL_Driver/Src/stm32h7xx_hal_fdcan.c:2366:19:HAL_FDCAN_ResetTimeoutCounter	16	static
../Drivers/STM32H7xx_HAL_Driver/Src/stm32h7xx_hal_fdcan.c:2396:19:HAL_FDCAN_ConfigTxDelayCompensation	24	static
../Drivers/STM32H7xx_HAL_Driver/Src/stm32h7xx_hal_fdcan.c:2426:19:HAL_FDCAN_EnableTxDelayCompensation	16	static
../Drivers/STM32H7xx_HAL_Driver/Src/stm32h7xx_hal_fdcan.c:2451:19:HAL_FDCAN_DisableTxDelayCompensation	16	static
../Drivers/STM32H7xx_HAL_Driver/Src/stm32h7xx_hal_fdcan.c:2477:19:HAL_FDCAN_EnableISOMode	16	static
../Drivers/STM32H7xx_HAL_Driver/Src/stm32h7xx_hal_fdcan.c:2503:19:HAL_FDCAN_DisableISOMode	16	static
../Drivers/STM32H7xx_HAL_Driver/Src/stm32h7xx_hal_fdcan.c:2529:19:HAL_FDCAN_EnableEdgeFiltering	16	static
../Drivers/STM32H7xx_HAL_Driver/Src/stm32h7xx_hal_fdcan.c:2555:19:HAL_FDCAN_DisableEdgeFiltering	16	static
../Drivers/STM32H7xx_HAL_Driver/Src/stm32h7xx_hal_fdcan.c:2619:19:HAL_FDCAN_Start	16	static
../Drivers/STM32H7xx_HAL_Driver/Src/stm32h7xx_hal_fdcan.c:2650:19:HAL_FDCAN_Stop	24	static
../Drivers/STM32H7xx_HAL_Driver/Src/stm32h7xx_hal_fdcan.c:2732:19:HAL_FDCAN_AddMessageToTxFifoQ	32	static
../Drivers/STM32H7xx_HAL_Driver/Src/stm32h7xx_hal_fdcan.c:2811:19:HAL_FDCAN_AddMessageToTxBuffer	56	static,ignoring_inline_asm
../Drivers/STM32H7xx_HAL_Driver/Src/stm32h7xx_hal_fdcan.c:2880:19:HAL_FDCAN_EnableTxBufferRequest	16	static
../Drivers/STM32H7xx_HAL_Driver/Src/stm32h7xx_hal_fdcan.c:2907:10:HAL_FDCAN_GetLatestTxFifoQRequestBuffer	16	static
../Drivers/STM32H7xx_HAL_Driver/Src/stm32h7xx_hal_fdcan.c:2921:19:HAL_FDCAN_AbortTxRequest	16	static
../Drivers/STM32H7xx_HAL_Driver/Src/stm32h7xx_hal_fdcan.c:2950:19:HAL_FDCAN_GetRxMessage	48	static
../Drivers/STM32H7xx_HAL_Driver/Src/stm32h7xx_hal_fdcan.c:3148:19:HAL_FDCAN_GetTxEvent	32	static
../Drivers/STM32H7xx_HAL_Driver/Src/stm32h7xx_hal_fdcan.c:3243:19:HAL_FDCAN_GetHighPriorityMessageStatus	16	static
../Drivers/STM32H7xx_HAL_Driver/Src/stm32h7xx_hal_fdcan.c:3262:19:HAL_FDCAN_GetProtocolStatus	24	static
../Drivers/STM32H7xx_HAL_Driver/Src/stm32h7xx_hal_fdcan.c:3294:19:HAL_FDCAN_GetErrorCounters	24	static
../Drivers/STM32H7xx_HAL_Driver/Src/stm32h7xx_hal_fdcan.c:3322:10:HAL_FDCAN_IsRxBufferMessageAvailable	24	static
../Drivers/STM32H7xx_HAL_Driver/Src/stm32h7xx_hal_fdcan.c:3359:10:HAL_FDCAN_IsTxBufferMessagePending	16	static
../Drivers/STM32H7xx_HAL_Driver/Src/stm32h7xx_hal_fdcan.c:3379:10:HAL_FDCAN_GetRxFifoFillLevel	24	static
../Drivers/STM32H7xx_HAL_Driver/Src/stm32h7xx_hal_fdcan.c:3406:10:HAL_FDCAN_GetTxFifoFreeLevel	24	static
../Drivers/STM32H7xx_HAL_Driver/Src/stm32h7xx_hal_fdcan.c:3424:10:HAL_FDCAN_IsRestrictedOperationMode	24	static
../Drivers/STM32H7xx_HAL_Driver/Src/stm32h7xx_hal_fdcan.c:3440:19:HAL_FDCAN_ExitRestrictedOperationMode	24	static
../Drivers/STM32H7xx_HAL_Driver/Src/stm32h7xx_hal_fdcan.c:3507:19:HAL_FDCAN_TT_ConfigOperation	32	static
../Drivers/STM32H7xx_HAL_Driver/Src/stm32h7xx_hal_fdcan.c:3687:19:HAL_FDCAN_TT_ConfigReferenceMessage	24	static
../Drivers/STM32H7xx_HAL_Driver/Src/stm32h7xx_hal_fdcan.c:3738:19:HAL_FDCAN_TT_ConfigTrigger	48	static,ignoring_inline_asm
../Drivers/STM32H7xx_HAL_Driver/Src/stm32h7xx_hal_fdcan.c:3848:19:HAL_FDCAN_TT_SetGlobalTime	24	static
../Drivers/STM32H7xx_HAL_Driver/Src/stm32h7xx_hal_fdcan.c:3922:19:HAL_FDCAN_TT_SetClockSynchronization	24	static
../Drivers/STM32H7xx_HAL_Driver/Src/stm32h7xx_hal_fdcan.c:3998:19:HAL_FDCAN_TT_ConfigStopWatch	32	static
../Drivers/STM32H7xx_HAL_Driver/Src/stm32h7xx_hal_fdcan.c:4059:19:HAL_FDCAN_TT_ConfigRegisterTimeMark	40	static
../Drivers/STM32H7xx_HAL_Driver/Src/stm32h7xx_hal_fdcan.c:4180:19:HAL_FDCAN_TT_EnableRegisterTimeMarkPulse	24	static
../Drivers/STM32H7xx_HAL_Driver/Src/stm32h7xx_hal_fdcan.c:4230:19:HAL_FDCAN_TT_DisableRegisterTimeMarkPulse	24	static
../Drivers/STM32H7xx_HAL_Driver/Src/stm32h7xx_hal_fdcan.c:4280:19:HAL_FDCAN_TT_EnableTriggerTimeMarkPulse	24	static
../Drivers/STM32H7xx_HAL_Driver/Src/stm32h7xx_hal_fdcan.c:4341:19:HAL_FDCAN_TT_DisableTriggerTimeMarkPulse	24	static
../Drivers/STM32H7xx_HAL_Driver/Src/stm32h7xx_hal_fdcan.c:4402:19:HAL_FDCAN_TT_EnableHardwareGapControl	24	static
../Drivers/STM32H7xx_HAL_Driver/Src/stm32h7xx_hal_fdcan.c:4463:19:HAL_FDCAN_TT_DisableHardwareGapControl	24	static
../Drivers/STM32H7xx_HAL_Driver/Src/stm32h7xx_hal_fdcan.c:4526:19:HAL_FDCAN_TT_EnableTimeMarkGapControl	24	static
../Drivers/STM32H7xx_HAL_Driver/Src/stm32h7xx_hal_fdcan.c:4587:19:HAL_FDCAN_TT_DisableTimeMarkGapControl	24	static
../Drivers/STM32H7xx_HAL_Driver/Src/stm32h7xx_hal_fdcan.c:4648:19:HAL_FDCAN_TT_SetNextIsGap	24	static
../Drivers/STM32H7xx_HAL_Driver/Src/stm32h7xx_hal_fdcan.c:4718:19:HAL_FDCAN_TT_SetEndOfGap	24	static
../Drivers/STM32H7xx_HAL_Driver/Src/stm32h7xx_hal_fdcan.c:4792:19:HAL_FDCAN_TT_ConfigExternalSyncPhase	24	static
../Drivers/STM32H7xx_HAL_Driver/Src/stm32h7xx_hal_fdcan.c:4833:19:HAL_FDCAN_TT_EnableExternalSynchronization	24	static
../Drivers/STM32H7xx_HAL_Driver/Src/stm32h7xx_hal_fdcan.c:4883:19:HAL_FDCAN_TT_DisableExternalSynchronization	24	static
../Drivers/STM32H7xx_HAL_Driver/Src/stm32h7xx_hal_fdcan.c:4934:19:HAL_FDCAN_TT_GetOperationStatus	24	static
../Drivers/STM32H7xx_HAL_Driver/Src/stm32h7xx_hal_fdcan.c:4999:19:HAL_FDCAN_ConfigInterruptLines	32	static
../Drivers/STM32H7xx_HAL_Driver/Src/stm32h7xx_hal_fdcan.c:5041:19:HAL_FDCAN_TT_ConfigInterruptLines	32	static
../Drivers/STM32H7xx_HAL_Driver/Src/stm32h7xx_hal_fdcan.c:5088:19:HAL_FDCAN_ActivateNotification	32	static
../Drivers/STM32H7xx_HAL_Driver/Src/stm32h7xx_hal_fdcan.c:5152:19:HAL_FDCAN_DeactivateNotification	24	static
../Drivers/STM32H7xx_HAL_Driver/Src/stm32h7xx_hal_fdcan.c:5211:19:HAL_FDCAN_TT_ActivateNotification	24	static
../Drivers/STM32H7xx_HAL_Driver/Src/stm32h7xx_hal_fdcan.c:5261:19:HAL_FDCAN_TT_DeactivateNotification	24	static
../Drivers/STM32H7xx_HAL_Driver/Src/stm32h7xx_hal_fdcan.c:5307:6:HAL_FDCAN_IRQHandler	96	static
../Drivers/STM32H7xx_HAL_Driver/Src/stm32h7xx_hal_fdcan.c:5737:13:HAL_FDCAN_ClockCalibrationCallback	16	static
../Drivers/STM32H7xx_HAL_Driver/Src/stm32h7xx_hal_fdcan.c:5756:13:HAL_FDCAN_TxEventFifoCallback	16	static
../Drivers/STM32H7xx_HAL_Driver/Src/stm32h7xx_hal_fdcan.c:5775:13:HAL_FDCAN_RxFifo0Callback	16	static
../Drivers/STM32H7xx_HAL_Driver/Src/stm32h7xx_hal_fdcan.c:5794:13:HAL_FDCAN_RxFifo1Callback	16	static
../Drivers/STM32H7xx_HAL_Driver/Src/stm32h7xx_hal_fdcan.c:5811:13:HAL_FDCAN_TxFifoEmptyCallback	16	static
../Drivers/STM32H7xx_HAL_Driver/Src/stm32h7xx_hal_fdcan.c:5829:13:HAL_FDCAN_TxBufferCompleteCallback	16	static
../Drivers/STM32H7xx_HAL_Driver/Src/stm32h7xx_hal_fdcan.c:5848:13:HAL_FDCAN_TxBufferAbortCallback	16	static
../Drivers/STM32H7xx_HAL_Driver/Src/stm32h7xx_hal_fdcan.c:5865:13:HAL_FDCAN_RxBufferNewMessageCallback	16	static
../Drivers/STM32H7xx_HAL_Driver/Src/stm32h7xx_hal_fdcan.c:5881:13:HAL_FDCAN_TimestampWraparoundCallback	16	static
../Drivers/STM32H7xx_HAL_Driver/Src/stm32h7xx_hal_fdcan.c:5897:13:HAL_FDCAN_TimeoutOccurredCallback	16	static
../Drivers/STM32H7xx_HAL_Driver/Src/stm32h7xx_hal_fdcan.c:5913:13:HAL_FDCAN_HighPriorityMessageCallback	16	static
../Drivers/STM32H7xx_HAL_Driver/Src/stm32h7xx_hal_fdcan.c:5929:13:HAL_FDCAN_ErrorCallback	16	static
../Drivers/STM32H7xx_HAL_Driver/Src/stm32h7xx_hal_fdcan.c:5947:13:HAL_FDCAN_ErrorStatusCallback	16	static
../Drivers/STM32H7xx_HAL_Driver/Src/stm32h7xx_hal_fdcan.c:5966:13:HAL_FDCAN_TT_ScheduleSyncCallback	16	static
../Drivers/STM32H7xx_HAL_Driver/Src/stm32h7xx_hal_fdcan.c:5985:13:HAL_FDCAN_TT_TimeMarkCallback	16	static
../Drivers/STM32H7xx_HAL_Driver/Src/stm32h7xx_hal_fdcan.c:6007:13:HAL_FDCAN_TT_StopWatchCallback	24	static
../Drivers/STM32H7xx_HAL_Driver/Src/stm32h7xx_hal_fdcan.c:6027:13:HAL_FDCAN_TT_GlobalTimeCallback	16	static
../Drivers/STM32H7xx_HAL_Driver/Src/stm32h7xx_hal_fdcan.c:6063:24:HAL_FDCAN_GetState	16	static
../Drivers/STM32H7xx_HAL_Driver/Src/stm32h7xx_hal_fdcan.c:6075:10:HAL_FDCAN_GetError	16	static
../Drivers/STM32H7xx_HAL_Driver/Src/stm32h7xx_hal_fdcan.c:6099:26:FDCAN_CalculateRamBlockAddresses	24	static
../Drivers/STM32H7xx_HAL_Driver/Src/stm32h7xx_hal_fdcan.c:6202:13:FDCAN_CopyMessageToRAM	40	static
